01:14:24.648 [main] TRACE - Resolving type for handle cthyperlinks6416type
01:14:24.652 [main] TRACE - Resolving type for handle cthyperlink0c85type
01:14:24.660 [main] TRACE - Resolving type for handle stxstringf179type
01:14:24.661 [main] TRACE - Resolving type for handle stcelltypebf95type
01:15:18.539 [main] DEBUG - Parsing relationship: /xl/_rels/workbook.xml.rels
01:15:18.543 [main] DEBUG - Parsing relationship: /xl/worksheets/_rels/sheet1.xml.rels
01:15:18.544 [main] DEBUG - Parsing relationship: /xl/worksheets/_rels/sheet2.xml.rels
01:15:18.545 [main] DEBUG - Parsing relationship: /_rels/.rels
01:15:18.641 [main] TRACE - Loading type system org.apache.poi.schemas.ooxml.system.ooxml
01:15:18.643 [main] TRACE - Loading type system org.apache.xmlbeans.metadata.system.sXMLCONFIG
01:15:18.643 [main] TRACE - Loading type system org.apache.xmlbeans.metadata.system.sXMLLANG
01:15:18.644 [main] TRACE - Loading type system org.apache.xmlbeans.metadata.system.sXMLSCHEMA
01:15:18.644 [main] TRACE - Loading type system org.apache.xmlbeans.metadata.system.sXMLTOOLS
01:15:18.645 [main] TRACE - Reading unresolved handles for type system org.apache.xmlbeans.metadata.system.sXMLTOOLS
01:15:18.653 [main] TRACE - Finished loading type system org.apache.xmlbeans.metadata.system.sXMLTOOLS
01:15:18.653 [main] TRACE - Reading unresolved handles for type system org.apache.xmlbeans.metadata.system.sXMLSCHEMA
01:15:18.656 [main] TRACE - Finished loading type system org.apache.xmlbeans.metadata.system.sXMLSCHEMA
01:15:18.657 [main] TRACE - Reading unresolved handles for type system org.apache.xmlbeans.metadata.system.sXMLLANG
01:15:18.657 [main] TRACE - Finished loading type system org.apache.xmlbeans.metadata.system.sXMLLANG
01:15:18.657 [main] TRACE - Reading unresolved handles for type system org.apache.xmlbeans.metadata.system.sXMLCONFIG
01:15:18.658 [main] TRACE - Finished loading type system org.apache.xmlbeans.metadata.system.sXMLCONFIG
01:15:18.658 [main] TRACE - Reading unresolved handles for type system org.apache.poi.schemas.ooxml.system.ooxml
01:15:18.689 [main] TRACE - Finished loading type system org.apache.poi.schemas.ooxml.system.ooxml
01:15:18.689 [main] TRACE - Resolving type for handle themefd26doctype
01:15:18.727 [main] TRACE - Resolving type for handle stylesheet5d8bdoctype
01:15:18.735 [main] TRACE - Resolving type for handle ctstylesheet4257type
01:15:18.738 [main] TRACE - Resolving type for handle ctfonts6623type
01:15:18.740 [main] TRACE - Resolving type for handle ctfont14d8type
01:15:18.743 [main] TRACE - Resolving type for handle ctfills2c6ftype
01:15:18.744 [main] TRACE - Resolving type for handle ctfill550ctype
01:15:18.745 [main] TRACE - Resolving type for handle ctborders0d66type
01:15:18.747 [main] TRACE - Resolving type for handle ctborderf935type
01:15:18.748 [main] TRACE - Resolving type for handle ctcellxfs1322type
01:15:18.750 [main] TRACE - Resolving type for handle ctxf97f7type
01:15:18.751 [main] TRACE - Resolving type for handle ctcellstylexfsa81ftype
01:15:18.752 [main] TRACE - Resolving type for handle ctdxfsb26atype
01:15:18.753 [main] TRACE - Resolving type for handle cttablestyles872ftype
01:15:18.756 [main] TRACE - Resolving type for handle sstf81fdoctype
01:15:18.759 [main] TRACE - Resolving type for handle ctsst44f3type
01:15:18.764 [main] TRACE - Resolving type for handle ctrsta472type
01:15:18.777 [main] DEBUG - using default POIXMLDocumentPart for http://schemas.openxmlformats.org/officeDocument/2006/relationships/printerSettings
01:15:18.777 [main] DEBUG - using default POIXMLDocumentPart for http://schemas.openxmlformats.org/officeDocument/2006/relationships/printerSettings
01:15:18.778 [main] TRACE - Resolving type for handle workbookec17doctype
01:15:18.781 [main] TRACE - Resolving type for handle ctworkbook83c3type
01:15:18.785 [main] TRACE - Resolving type for handle ctsheets49fdtype
01:15:18.787 [main] TRACE - Resolving type for handle ctsheet4dbetype
01:15:18.788 [main] TRACE - Resolving type for handle strelationshipid1e94type
01:15:18.789 [main] TRACE - Resolving type for handle worksheetf539doctype
01:15:18.793 [main] TRACE - Resolving type for handle ctworksheet530dtype
01:15:18.798 [main] TRACE - Resolving type for handle ctsheetdata8408type
01:15:18.799 [main] TRACE - Resolving type for handle ctrowdd39type
01:15:18.803 [main] TRACE - Resolving type for handle ctcell842btype
01:15:18.808 [main] TRACE - Resolving type for handle stcellrefe4e0type
01:15:18.813 [main] TRACE - Resolving type for handle ctcols627ctype
01:15:18.818 [main] TRACE - Resolving type for handle ctcola95ftype
01:15:18.826 [main] TRACE - Resolving type for handle cthyperlinks6416type
01:15:18.827 [main] TRACE - Resolving type for handle cthyperlink0c85type
01:15:18.834 [main] TRACE - Resolving type for handle stxstringf179type
01:15:18.836 [main] TRACE - Resolving type for handle stcelltypebf95type
01:16:28.904 [main] DEBUG - Parsing relationship: /xl/_rels/workbook.xml.rels
01:16:28.908 [main] DEBUG - Parsing relationship: /xl/worksheets/_rels/sheet1.xml.rels
01:16:28.909 [main] DEBUG - Parsing relationship: /xl/worksheets/_rels/sheet2.xml.rels
01:16:28.910 [main] DEBUG - Parsing relationship: /_rels/.rels
01:16:29.006 [main] TRACE - Loading type system org.apache.poi.schemas.ooxml.system.ooxml
01:16:29.008 [main] TRACE - Loading type system org.apache.xmlbeans.metadata.system.sXMLCONFIG
01:16:29.009 [main] TRACE - Loading type system org.apache.xmlbeans.metadata.system.sXMLLANG
01:16:29.009 [main] TRACE - Loading type system org.apache.xmlbeans.metadata.system.sXMLSCHEMA
01:16:29.009 [main] TRACE - Loading type system org.apache.xmlbeans.metadata.system.sXMLTOOLS
01:16:29.010 [main] TRACE - Reading unresolved handles for type system org.apache.xmlbeans.metadata.system.sXMLTOOLS
01:16:29.017 [main] TRACE - Finished loading type system org.apache.xmlbeans.metadata.system.sXMLTOOLS
01:16:29.018 [main] TRACE - Reading unresolved handles for type system org.apache.xmlbeans.metadata.system.sXMLSCHEMA
01:16:29.020 [main] TRACE - Finished loading type system org.apache.xmlbeans.metadata.system.sXMLSCHEMA
01:16:29.021 [main] TRACE - Reading unresolved handles for type system org.apache.xmlbeans.metadata.system.sXMLLANG
01:16:29.021 [main] TRACE - Finished loading type system org.apache.xmlbeans.metadata.system.sXMLLANG
01:16:29.021 [main] TRACE - Reading unresolved handles for type system org.apache.xmlbeans.metadata.system.sXMLCONFIG
01:16:29.022 [main] TRACE - Finished loading type system org.apache.xmlbeans.metadata.system.sXMLCONFIG
01:16:29.022 [main] TRACE - Reading unresolved handles for type system org.apache.poi.schemas.ooxml.system.ooxml
01:16:29.052 [main] TRACE - Finished loading type system org.apache.poi.schemas.ooxml.system.ooxml
01:16:29.053 [main] TRACE - Resolving type for handle themefd26doctype
01:16:29.089 [main] TRACE - Resolving type for handle stylesheet5d8bdoctype
01:16:29.097 [main] TRACE - Resolving type for handle ctstylesheet4257type
01:16:29.101 [main] TRACE - Resolving type for handle ctfonts6623type
01:16:29.104 [main] TRACE - Resolving type for handle ctfont14d8type
01:16:29.107 [main] TRACE - Resolving type for handle ctfills2c6ftype
01:16:29.108 [main] TRACE - Resolving type for handle ctfill550ctype
01:16:29.109 [main] TRACE - Resolving type for handle ctborders0d66type
01:16:29.110 [main] TRACE - Resolving type for handle ctborderf935type
01:16:29.112 [main] TRACE - Resolving type for handle ctcellxfs1322type
01:16:29.113 [main] TRACE - Resolving type for handle ctxf97f7type
01:16:29.115 [main] TRACE - Resolving type for handle ctcellstylexfsa81ftype
01:16:29.116 [main] TRACE - Resolving type for handle ctdxfsb26atype
01:16:29.117 [main] TRACE - Resolving type for handle cttablestyles872ftype
01:16:29.119 [main] TRACE - Resolving type for handle sstf81fdoctype
01:16:29.121 [main] TRACE - Resolving type for handle ctsst44f3type
01:16:29.128 [main] TRACE - Resolving type for handle ctrsta472type
01:16:29.140 [main] DEBUG - using default POIXMLDocumentPart for http://schemas.openxmlformats.org/officeDocument/2006/relationships/printerSettings
01:16:29.141 [main] DEBUG - using default POIXMLDocumentPart for http://schemas.openxmlformats.org/officeDocument/2006/relationships/printerSettings
01:16:29.141 [main] TRACE - Resolving type for handle workbookec17doctype
01:16:29.144 [main] TRACE - Resolving type for handle ctworkbook83c3type
01:16:29.148 [main] TRACE - Resolving type for handle ctsheets49fdtype
01:16:29.149 [main] TRACE - Resolving type for handle ctsheet4dbetype
01:16:29.151 [main] TRACE - Resolving type for handle strelationshipid1e94type
01:16:29.152 [main] TRACE - Resolving type for handle worksheetf539doctype
01:16:29.155 [main] TRACE - Resolving type for handle ctworksheet530dtype
01:16:29.160 [main] TRACE - Resolving type for handle ctsheetdata8408type
01:16:29.162 [main] TRACE - Resolving type for handle ctrowdd39type
01:16:29.165 [main] TRACE - Resolving type for handle ctcell842btype
01:16:29.169 [main] TRACE - Resolving type for handle stcellrefe4e0type
01:16:29.173 [main] TRACE - Resolving type for handle ctcols627ctype
01:16:29.177 [main] TRACE - Resolving type for handle ctcola95ftype
01:16:29.188 [main] TRACE - Resolving type for handle cthyperlinks6416type
01:16:29.189 [main] TRACE - Resolving type for handle cthyperlink0c85type
01:16:29.197 [main] TRACE - Resolving type for handle stxstringf179type
01:16:29.199 [main] TRACE - Resolving type for handle stcelltypebf95type
01:17:21.142 [main] DEBUG - Parsing relationship: /xl/_rels/workbook.xml.rels
01:17:21.147 [main] DEBUG - Parsing relationship: /xl/worksheets/_rels/sheet1.xml.rels
01:17:21.148 [main] DEBUG - Parsing relationship: /xl/worksheets/_rels/sheet2.xml.rels
01:17:21.149 [main] DEBUG - Parsing relationship: /_rels/.rels
01:17:21.245 [main] TRACE - Loading type system org.apache.poi.schemas.ooxml.system.ooxml
01:17:21.246 [main] TRACE - Loading type system org.apache.xmlbeans.metadata.system.sXMLCONFIG
01:17:21.247 [main] TRACE - Loading type system org.apache.xmlbeans.metadata.system.sXMLLANG
01:17:21.247 [main] TRACE - Loading type system org.apache.xmlbeans.metadata.system.sXMLSCHEMA
01:17:21.247 [main] TRACE - Loading type system org.apache.xmlbeans.metadata.system.sXMLTOOLS
01:17:21.248 [main] TRACE - Reading unresolved handles for type system org.apache.xmlbeans.metadata.system.sXMLTOOLS
01:17:21.255 [main] TRACE - Finished loading type system org.apache.xmlbeans.metadata.system.sXMLTOOLS
01:17:21.256 [main] TRACE - Reading unresolved handles for type system org.apache.xmlbeans.metadata.system.sXMLSCHEMA
01:17:21.259 [main] TRACE - Finished loading type system org.apache.xmlbeans.metadata.system.sXMLSCHEMA
01:17:21.259 [main] TRACE - Reading unresolved handles for type system org.apache.xmlbeans.metadata.system.sXMLLANG
01:17:21.260 [main] TRACE - Finished loading type system org.apache.xmlbeans.metadata.system.sXMLLANG
01:17:21.260 [main] TRACE - Reading unresolved handles for type system org.apache.xmlbeans.metadata.system.sXMLCONFIG
01:17:21.261 [main] TRACE - Finished loading type system org.apache.xmlbeans.metadata.system.sXMLCONFIG
01:17:21.261 [main] TRACE - Reading unresolved handles for type system org.apache.poi.schemas.ooxml.system.ooxml
01:17:21.292 [main] TRACE - Finished loading type system org.apache.poi.schemas.ooxml.system.ooxml
01:17:21.293 [main] TRACE - Resolving type for handle themefd26doctype
01:17:21.328 [main] TRACE - Resolving type for handle stylesheet5d8bdoctype
01:17:21.337 [main] TRACE - Resolving type for handle ctstylesheet4257type
01:17:21.340 [main] TRACE - Resolving type for handle ctfonts6623type
01:17:21.342 [main] TRACE - Resolving type for handle ctfont14d8type
01:17:21.345 [main] TRACE - Resolving type for handle ctfills2c6ftype
01:17:21.346 [main] TRACE - Resolving type for handle ctfill550ctype
01:17:21.347 [main] TRACE - Resolving type for handle ctborders0d66type
01:17:21.348 [main] TRACE - Resolving type for handle ctborderf935type
01:17:21.350 [main] TRACE - Resolving type for handle ctcellxfs1322type
01:17:21.351 [main] TRACE - Resolving type for handle ctxf97f7type
01:17:21.353 [main] TRACE - Resolving type for handle ctcellstylexfsa81ftype
01:17:21.354 [main] TRACE - Resolving type for handle ctdxfsb26atype
01:17:21.355 [main] TRACE - Resolving type for handle cttablestyles872ftype
01:17:21.359 [main] TRACE - Resolving type for handle sstf81fdoctype
01:17:21.362 [main] TRACE - Resolving type for handle ctsst44f3type
01:17:21.368 [main] TRACE - Resolving type for handle ctrsta472type
01:17:21.380 [main] DEBUG - using default POIXMLDocumentPart for http://schemas.openxmlformats.org/officeDocument/2006/relationships/printerSettings
01:17:21.382 [main] DEBUG - using default POIXMLDocumentPart for http://schemas.openxmlformats.org/officeDocument/2006/relationships/printerSettings
01:17:21.382 [main] TRACE - Resolving type for handle workbookec17doctype
01:17:21.386 [main] TRACE - Resolving type for handle ctworkbook83c3type
01:17:21.389 [main] TRACE - Resolving type for handle ctsheets49fdtype
01:17:21.390 [main] TRACE - Resolving type for handle ctsheet4dbetype
01:17:21.391 [main] TRACE - Resolving type for handle strelationshipid1e94type
01:17:21.392 [main] TRACE - Resolving type for handle worksheetf539doctype
01:17:21.396 [main] TRACE - Resolving type for handle ctworksheet530dtype
01:17:21.400 [main] TRACE - Resolving type for handle ctsheetdata8408type
01:17:21.401 [main] TRACE - Resolving type for handle ctrowdd39type
01:17:21.404 [main] TRACE - Resolving type for handle ctcell842btype
01:17:21.407 [main] TRACE - Resolving type for handle stcellrefe4e0type
01:17:21.412 [main] TRACE - Resolving type for handle ctcols627ctype
01:17:21.415 [main] TRACE - Resolving type for handle ctcola95ftype
01:17:21.423 [main] TRACE - Resolving type for handle cthyperlinks6416type
01:17:21.425 [main] TRACE - Resolving type for handle cthyperlink0c85type
01:17:21.433 [main] TRACE - Resolving type for handle stxstringf179type
01:17:21.434 [main] TRACE - Resolving type for handle stcelltypebf95type
01:18:56.984 [main] DEBUG - Parsing relationship: /xl/_rels/workbook.xml.rels
01:18:56.988 [main] DEBUG - Parsing relationship: /xl/worksheets/_rels/sheet1.xml.rels
01:18:56.989 [main] DEBUG - Parsing relationship: /xl/worksheets/_rels/sheet2.xml.rels
01:18:56.990 [main] DEBUG - Parsing relationship: /_rels/.rels
01:18:57.086 [main] TRACE - Loading type system org.apache.poi.schemas.ooxml.system.ooxml
01:18:57.087 [main] TRACE - Loading type system org.apache.xmlbeans.metadata.system.sXMLCONFIG
01:18:57.088 [main] TRACE - Loading type system org.apache.xmlbeans.metadata.system.sXMLLANG
01:18:57.088 [main] TRACE - Loading type system org.apache.xmlbeans.metadata.system.sXMLSCHEMA
01:18:57.088 [main] TRACE - Loading type system org.apache.xmlbeans.metadata.system.sXMLTOOLS
01:18:57.089 [main] TRACE - Reading unresolved handles for type system org.apache.xmlbeans.metadata.system.sXMLTOOLS
01:18:57.096 [main] TRACE - Finished loading type system org.apache.xmlbeans.metadata.system.sXMLTOOLS
01:18:57.097 [main] TRACE - Reading unresolved handles for type system org.apache.xmlbeans.metadata.system.sXMLSCHEMA
01:18:57.100 [main] TRACE - Finished loading type system org.apache.xmlbeans.metadata.system.sXMLSCHEMA
01:18:57.100 [main] TRACE - Reading unresolved handles for type system org.apache.xmlbeans.metadata.system.sXMLLANG
01:18:57.101 [main] TRACE - Finished loading type system org.apache.xmlbeans.metadata.system.sXMLLANG
01:18:57.101 [main] TRACE - Reading unresolved handles for type system org.apache.xmlbeans.metadata.system.sXMLCONFIG
01:18:57.102 [main] TRACE - Finished loading type system org.apache.xmlbeans.metadata.system.sXMLCONFIG
01:18:57.102 [main] TRACE - Reading unresolved handles for type system org.apache.poi.schemas.ooxml.system.ooxml
01:18:57.133 [main] TRACE - Finished loading type system org.apache.poi.schemas.ooxml.system.ooxml
01:18:57.133 [main] TRACE - Resolving type for handle themefd26doctype
01:18:57.171 [main] TRACE - Resolving type for handle stylesheet5d8bdoctype
01:18:57.178 [main] TRACE - Resolving type for handle ctstylesheet4257type
01:18:57.181 [main] TRACE - Resolving type for handle ctfonts6623type
01:18:57.184 [main] TRACE - Resolving type for handle ctfont14d8type
01:18:57.187 [main] TRACE - Resolving type for handle ctfills2c6ftype
01:18:57.188 [main] TRACE - Resolving type for handle ctfill550ctype
01:18:57.189 [main] TRACE - Resolving type for handle ctborders0d66type
01:18:57.190 [main] TRACE - Resolving type for handle ctborderf935type
01:18:57.192 [main] TRACE - Resolving type for handle ctcellxfs1322type
01:18:57.193 [main] TRACE - Resolving type for handle ctxf97f7type
01:18:57.195 [main] TRACE - Resolving type for handle ctcellstylexfsa81ftype
01:18:57.196 [main] TRACE - Resolving type for handle ctdxfsb26atype
01:18:57.197 [main] TRACE - Resolving type for handle cttablestyles872ftype
01:18:57.199 [main] TRACE - Resolving type for handle sstf81fdoctype
01:18:57.203 [main] TRACE - Resolving type for handle ctsst44f3type
01:18:57.208 [main] TRACE - Resolving type for handle ctrsta472type
01:18:57.220 [main] DEBUG - using default POIXMLDocumentPart for http://schemas.openxmlformats.org/officeDocument/2006/relationships/printerSettings
01:18:57.220 [main] DEBUG - using default POIXMLDocumentPart for http://schemas.openxmlformats.org/officeDocument/2006/relationships/printerSettings
01:18:57.221 [main] TRACE - Resolving type for handle workbookec17doctype
01:18:57.224 [main] TRACE - Resolving type for handle ctworkbook83c3type
01:18:57.227 [main] TRACE - Resolving type for handle ctsheets49fdtype
01:18:57.228 [main] TRACE - Resolving type for handle ctsheet4dbetype
01:18:57.229 [main] TRACE - Resolving type for handle strelationshipid1e94type
01:18:57.230 [main] TRACE - Resolving type for handle worksheetf539doctype
01:18:57.235 [main] TRACE - Resolving type for handle ctworksheet530dtype
01:18:57.238 [main] TRACE - Resolving type for handle ctsheetdata8408type
01:18:57.240 [main] TRACE - Resolving type for handle ctrowdd39type
01:18:57.243 [main] TRACE - Resolving type for handle ctcell842btype
01:18:57.246 [main] TRACE - Resolving type for handle stcellrefe4e0type
01:18:57.251 [main] TRACE - Resolving type for handle ctcols627ctype
01:18:57.253 [main] TRACE - Resolving type for handle ctcola95ftype
01:18:57.262 [main] TRACE - Resolving type for handle cthyperlinks6416type
01:18:57.265 [main] TRACE - Resolving type for handle cthyperlink0c85type
01:18:57.272 [main] TRACE - Resolving type for handle stxstringf179type
01:18:57.273 [main] TRACE - Resolving type for handle stcelltypebf95type
01:19:03.752 [main] DEBUG - Parsing relationship: /xl/_rels/workbook.xml.rels
01:19:03.752 [main] DEBUG - Parsing relationship: /xl/worksheets/_rels/sheet1.xml.rels
01:19:03.753 [main] DEBUG - Parsing relationship: /xl/worksheets/_rels/sheet2.xml.rels
01:19:03.754 [main] DEBUG - Parsing relationship: /_rels/.rels
01:19:03.767 [main] DEBUG - using default POIXMLDocumentPart for http://schemas.openxmlformats.org/officeDocument/2006/relationships/printerSettings
01:19:03.767 [main] DEBUG - using default POIXMLDocumentPart for http://schemas.openxmlformats.org/officeDocument/2006/relationships/printerSettings
01:20:43.926 [main] DEBUG - Parsing relationship: /xl/_rels/workbook.xml.rels
01:20:43.929 [main] DEBUG - Parsing relationship: /xl/worksheets/_rels/sheet1.xml.rels
01:20:43.931 [main] DEBUG - Parsing relationship: /xl/worksheets/_rels/sheet2.xml.rels
01:20:43.932 [main] DEBUG - Parsing relationship: /_rels/.rels
01:20:44.027 [main] TRACE - Loading type system org.apache.poi.schemas.ooxml.system.ooxml
01:20:44.028 [main] TRACE - Loading type system org.apache.xmlbeans.metadata.system.sXMLCONFIG
01:20:44.029 [main] TRACE - Loading type system org.apache.xmlbeans.metadata.system.sXMLLANG
01:20:44.029 [main] TRACE - Loading type system org.apache.xmlbeans.metadata.system.sXMLSCHEMA
01:20:44.029 [main] TRACE - Loading type system org.apache.xmlbeans.metadata.system.sXMLTOOLS
01:20:44.030 [main] TRACE - Reading unresolved handles for type system org.apache.xmlbeans.metadata.system.sXMLTOOLS
01:20:44.036 [main] TRACE - Finished loading type system org.apache.xmlbeans.metadata.system.sXMLTOOLS
01:20:44.038 [main] TRACE - Reading unresolved handles for type system org.apache.xmlbeans.metadata.system.sXMLSCHEMA
01:20:44.040 [main] TRACE - Finished loading type system org.apache.xmlbeans.metadata.system.sXMLSCHEMA
01:20:44.041 [main] TRACE - Reading unresolved handles for type system org.apache.xmlbeans.metadata.system.sXMLLANG
01:20:44.041 [main] TRACE - Finished loading type system org.apache.xmlbeans.metadata.system.sXMLLANG
01:20:44.042 [main] TRACE - Reading unresolved handles for type system org.apache.xmlbeans.metadata.system.sXMLCONFIG
01:20:44.042 [main] TRACE - Finished loading type system org.apache.xmlbeans.metadata.system.sXMLCONFIG
01:20:44.043 [main] TRACE - Reading unresolved handles for type system org.apache.poi.schemas.ooxml.system.ooxml
01:20:44.073 [main] TRACE - Finished loading type system org.apache.poi.schemas.ooxml.system.ooxml
01:20:44.073 [main] TRACE - Resolving type for handle themefd26doctype
01:20:44.111 [main] TRACE - Resolving type for handle stylesheet5d8bdoctype
01:20:44.118 [main] TRACE - Resolving type for handle ctstylesheet4257type
01:20:44.121 [main] TRACE - Resolving type for handle ctfonts6623type
01:20:44.123 [main] TRACE - Resolving type for handle ctfont14d8type
01:20:44.127 [main] TRACE - Resolving type for handle ctfills2c6ftype
01:20:44.128 [main] TRACE - Resolving type for handle ctfill550ctype
01:20:44.129 [main] TRACE - Resolving type for handle ctborders0d66type
01:20:44.130 [main] TRACE - Resolving type for handle ctborderf935type
01:20:44.132 [main] TRACE - Resolving type for handle ctcellxfs1322type
01:20:44.133 [main] TRACE - Resolving type for handle ctxf97f7type
01:20:44.135 [main] TRACE - Resolving type for handle ctcellstylexfsa81ftype
01:20:44.135 [main] TRACE - Resolving type for handle ctdxfsb26atype
01:20:44.137 [main] TRACE - Resolving type for handle cttablestyles872ftype
01:20:44.139 [main] TRACE - Resolving type for handle sstf81fdoctype
01:20:44.142 [main] TRACE - Resolving type for handle ctsst44f3type
01:20:44.148 [main] TRACE - Resolving type for handle ctrsta472type
01:20:44.160 [main] DEBUG - using default POIXMLDocumentPart for http://schemas.openxmlformats.org/officeDocument/2006/relationships/printerSettings
01:20:44.160 [main] DEBUG - using default POIXMLDocumentPart for http://schemas.openxmlformats.org/officeDocument/2006/relationships/printerSettings
01:20:44.161 [main] TRACE - Resolving type for handle workbookec17doctype
01:20:44.164 [main] TRACE - Resolving type for handle ctworkbook83c3type
01:20:44.166 [main] TRACE - Resolving type for handle ctsheets49fdtype
01:20:44.167 [main] TRACE - Resolving type for handle ctsheet4dbetype
01:20:44.169 [main] TRACE - Resolving type for handle strelationshipid1e94type
01:20:44.171 [main] TRACE - Resolving type for handle worksheetf539doctype
01:20:44.174 [main] TRACE - Resolving type for handle ctworksheet530dtype
01:20:44.177 [main] TRACE - Resolving type for handle ctsheetdata8408type
01:20:44.179 [main] TRACE - Resolving type for handle ctrowdd39type
01:20:44.182 [main] TRACE - Resolving type for handle ctcell842btype
01:20:44.185 [main] TRACE - Resolving type for handle stcellrefe4e0type
01:20:44.190 [main] TRACE - Resolving type for handle ctcols627ctype
01:20:44.193 [main] TRACE - Resolving type for handle ctcola95ftype
01:20:44.202 [main] TRACE - Resolving type for handle cthyperlinks6416type
01:20:44.203 [main] TRACE - Resolving type for handle cthyperlink0c85type
01:20:44.211 [main] TRACE - Resolving type for handle stxstringf179type
01:20:44.213 [main] TRACE - Resolving type for handle stcelltypebf95type
01:20:50.737 [main] DEBUG - Parsing relationship: /xl/_rels/workbook.xml.rels
01:20:50.738 [main] DEBUG - Parsing relationship: /xl/worksheets/_rels/sheet1.xml.rels
01:20:50.739 [main] DEBUG - Parsing relationship: /xl/worksheets/_rels/sheet2.xml.rels
01:20:50.739 [main] DEBUG - Parsing relationship: /_rels/.rels
01:20:50.751 [main] DEBUG - using default POIXMLDocumentPart for http://schemas.openxmlformats.org/officeDocument/2006/relationships/printerSettings
01:20:50.751 [main] DEBUG - using default POIXMLDocumentPart for http://schemas.openxmlformats.org/officeDocument/2006/relationships/printerSettings
00:09:28.553 [main] INFO  - Goto my account-->Click on Login.. 
00:09:28.861 [main] INFO  - Entering email and password.. 
00:09:29.439 [main] INFO  - clicked on login button...
00:09:32.586 [main] INFO  - Goto my account-->Click on Login.. 
00:09:32.917 [main] INFO  - Entering email and password.. 
00:09:33.709 [main] INFO  - clicked on login button...
00:22:21.476 [main] INFO  - Goto my account-->Click on Login.. 
00:22:21.821 [main] INFO  - Entering email and password.. 
00:22:22.408 [main] INFO  - clicked on login button...
00:22:25.591 [main] INFO  - Goto my account-->Click on Login.. 
00:22:25.924 [main] INFO  - Entering email and password.. 
00:22:26.714 [main] INFO  - clicked on login button...
00:24:08.550 [main] INFO  - Goto my account-->Click on Login.. 
00:24:08.911 [main] INFO  - Entering email and password.. 
00:24:14.506 [main] INFO  - clicked on login button...
00:24:40.030 [main] INFO  - Goto my account-->Click on Login.. 
00:24:40.341 [main] INFO  - Entering email and password.. 
00:24:40.951 [main] INFO  - clicked on login button...
00:25:36.214 [main] INFO  - Goto my account-->Click on Login.. 
00:25:36.543 [main] INFO  - Entering email and password.. 
00:25:37.131 [main] INFO  - clicked on login button...
00:25:41.295 [main] INFO  - Goto my account-->Click on Login.. 
00:25:41.613 [main] INFO  - Entering email and password.. 
00:25:42.203 [main] INFO  - clicked on login button...
00:26:25.704 [main] INFO  - Goto my account-->Click on Login.. 
00:26:26.031 [main] INFO  - Entering email and password.. 
00:26:26.412 [main] INFO  - clicked on login button...
00:26:29.561 [main] INFO  - Goto my account-->Click on Login.. 
00:26:29.945 [main] INFO  - Entering email and password.. 
00:26:30.311 [main] INFO  - clicked on login button...
00:49:58.386 [main] INFO  - Goto my account-->Click on Login.. 
00:49:58.724 [main] INFO  - Entering email and password.. 
00:49:59.358 [main] INFO  - clicked on login button...
00:50:03.325 [main] INFO  - Goto my account-->Click on Login.. 
00:50:03.986 [main] INFO  - Entering email and password.. 
00:50:05.167 [main] INFO  - clicked on login button...
23:30:04.741 [main] INFO  - Goto my account-->Click on Login.. 
23:30:08.760 [main] INFO  - Goto my account-->Click on Login.. 
01:19:36.926 [main] INFO  - Goto my account-->Click on Login.. 
01:21:57.093 [main] INFO  - Goto my account-->Click on Login.. 
