20:54:09.680 [main] INFO  - Goto my account-->Click on Login.. 
20:54:10.000 [main] INFO  - Entering email and password.. 
20:54:10.653 [main] INFO  - clicked on login button...
21:01:50.355 [main] INFO  - Goto my account-->Click on Login.. 
21:01:50.671 [main] INFO  - Entering email and password.. 
21:01:51.299 [main] INFO  - clicked on login button...
21:06:49.650 [main] INFO  - Goto my account-->Click on Login.. 
21:06:50.045 [main] INFO  - Entering email and password.. 
21:06:50.699 [main] INFO  - clicked on login button...
21:50:05.771 [main] INFO  - Goto my account-->Click on Login.. 
21:50:06.070 [main] INFO  - Entering email and password.. 
21:50:06.801 [main] INFO  - clicked on login button...
21:50:09.081 [main] INFO  - Goto my account-->Click on Login.. 
21:50:09.360 [main] INFO  - Entering email and password.. 
21:50:09.909 [main] INFO  - clicked on login button...
23:44:34.018 [main] DEBUG - Parsing relationship: /xl/_rels/workbook.xml.rels
23:44:34.023 [main] DEBUG - Parsing relationship: /xl/worksheets/_rels/sheet1.xml.rels
23:44:34.024 [main] DEBUG - Parsing relationship: /_rels/.rels
23:44:34.141 [main] TRACE - Loading type system org.apache.poi.schemas.ooxml.system.ooxml
23:44:34.143 [main] TRACE - Loading type system org.apache.xmlbeans.metadata.system.sXMLCONFIG
23:44:34.145 [main] TRACE - Loading type system org.apache.xmlbeans.metadata.system.sXMLLANG
23:44:34.145 [main] TRACE - Loading type system org.apache.xmlbeans.metadata.system.sXMLSCHEMA
23:44:34.145 [main] TRACE - Loading type system org.apache.xmlbeans.metadata.system.sXMLTOOLS
23:44:34.145 [main] TRACE - Reading unresolved handles for type system org.apache.xmlbeans.metadata.system.sXMLTOOLS
23:44:34.154 [main] TRACE - Finished loading type system org.apache.xmlbeans.metadata.system.sXMLTOOLS
23:44:34.154 [main] TRACE - Reading unresolved handles for type system org.apache.xmlbeans.metadata.system.sXMLSCHEMA
23:44:34.158 [main] TRACE - Finished loading type system org.apache.xmlbeans.metadata.system.sXMLSCHEMA
23:44:34.158 [main] TRACE - Reading unresolved handles for type system org.apache.xmlbeans.metadata.system.sXMLLANG
23:44:34.159 [main] TRACE - Finished loading type system org.apache.xmlbeans.metadata.system.sXMLLANG
23:44:34.159 [main] TRACE - Reading unresolved handles for type system org.apache.xmlbeans.metadata.system.sXMLCONFIG
23:44:34.160 [main] TRACE - Finished loading type system org.apache.xmlbeans.metadata.system.sXMLCONFIG
23:44:34.160 [main] TRACE - Reading unresolved handles for type system org.apache.poi.schemas.ooxml.system.ooxml
23:44:34.193 [main] TRACE - Finished loading type system org.apache.poi.schemas.ooxml.system.ooxml
23:44:34.194 [main] TRACE - Resolving type for handle themefd26doctype
23:44:34.232 [main] TRACE - Resolving type for handle stylesheet5d8bdoctype
23:44:34.237 [main] TRACE - Resolving type for handle ctstylesheet4257type
23:44:34.240 [main] TRACE - Resolving type for handle ctfonts6623type
23:44:34.243 [main] TRACE - Resolving type for handle ctfont14d8type
23:44:34.247 [main] TRACE - Resolving type for handle ctfills2c6ftype
23:44:34.249 [main] TRACE - Resolving type for handle ctfill550ctype
23:44:34.250 [main] TRACE - Resolving type for handle ctborders0d66type
23:44:34.253 [main] TRACE - Resolving type for handle ctborderf935type
23:44:34.255 [main] TRACE - Resolving type for handle ctcellxfs1322type
23:44:34.257 [main] TRACE - Resolving type for handle ctxf97f7type
23:44:34.259 [main] TRACE - Resolving type for handle ctcellstylexfsa81ftype
23:44:34.260 [main] TRACE - Resolving type for handle ctdxfsb26atype
23:44:34.261 [main] TRACE - Resolving type for handle cttablestyles872ftype
23:44:34.263 [main] TRACE - Resolving type for handle sstf81fdoctype
23:44:34.267 [main] TRACE - Resolving type for handle ctsst44f3type
23:44:34.274 [main] TRACE - Resolving type for handle ctrsta472type
23:44:34.286 [main] DEBUG - using default POIXMLDocumentPart for http://schemas.openxmlformats.org/officeDocument/2006/relationships/printerSettings
23:44:34.295 [main] TRACE - Resolving type for handle workbookec17doctype
23:44:34.299 [main] TRACE - Resolving type for handle ctworkbook83c3type
23:44:34.303 [main] TRACE - Resolving type for handle ctsheets49fdtype
23:44:34.304 [main] TRACE - Resolving type for handle ctsheet4dbetype
23:44:34.306 [main] TRACE - Resolving type for handle strelationshipid1e94type
23:44:34.307 [main] TRACE - Resolving type for handle worksheetf539doctype
23:44:34.310 [main] TRACE - Resolving type for handle ctworksheet530dtype
23:44:34.316 [main] TRACE - Resolving type for handle ctsheetdata8408type
23:44:34.318 [main] TRACE - Resolving type for handle ctrowdd39type
23:44:34.320 [main] TRACE - Resolving type for handle ctcell842btype
23:44:34.325 [main] TRACE - Resolving type for handle stcellrefe4e0type
23:44:34.328 [main] TRACE - Resolving type for handle ctcols627ctype
23:44:34.332 [main] TRACE - Resolving type for handle ctcola95ftype
23:44:34.341 [main] TRACE - Resolving type for handle cthyperlinks6416type
23:44:34.343 [main] TRACE - Resolving type for handle cthyperlink0c85type
23:44:34.351 [main] TRACE - Resolving type for handle stxstringf179type
23:44:34.354 [main] TRACE - Resolving type for handle stcelltypebf95type
00:02:04.463 [main] DEBUG - Parsing relationship: /xl/_rels/workbook.xml.rels
00:02:04.467 [main] DEBUG - Parsing relationship: /xl/worksheets/_rels/sheet1.xml.rels
00:02:04.468 [main] DEBUG - Parsing relationship: /_rels/.rels
00:02:04.558 [main] TRACE - Loading type system org.apache.poi.schemas.ooxml.system.ooxml
00:02:04.560 [main] TRACE - Loading type system org.apache.xmlbeans.metadata.system.sXMLCONFIG
00:02:04.560 [main] TRACE - Loading type system org.apache.xmlbeans.metadata.system.sXMLLANG
00:02:04.561 [main] TRACE - Loading type system org.apache.xmlbeans.metadata.system.sXMLSCHEMA
00:02:04.561 [main] TRACE - Loading type system org.apache.xmlbeans.metadata.system.sXMLTOOLS
00:02:04.562 [main] TRACE - Reading unresolved handles for type system org.apache.xmlbeans.metadata.system.sXMLTOOLS
00:02:04.569 [main] TRACE - Finished loading type system org.apache.xmlbeans.metadata.system.sXMLTOOLS
00:02:04.570 [main] TRACE - Reading unresolved handles for type system org.apache.xmlbeans.metadata.system.sXMLSCHEMA
00:02:04.573 [main] TRACE - Finished loading type system org.apache.xmlbeans.metadata.system.sXMLSCHEMA
00:02:04.573 [main] TRACE - Reading unresolved handles for type system org.apache.xmlbeans.metadata.system.sXMLLANG
00:02:04.573 [main] TRACE - Finished loading type system org.apache.xmlbeans.metadata.system.sXMLLANG
00:02:04.575 [main] TRACE - Reading unresolved handles for type system org.apache.xmlbeans.metadata.system.sXMLCONFIG
00:02:04.575 [main] TRACE - Finished loading type system org.apache.xmlbeans.metadata.system.sXMLCONFIG
00:02:04.576 [main] TRACE - Reading unresolved handles for type system org.apache.poi.schemas.ooxml.system.ooxml
00:02:04.612 [main] TRACE - Finished loading type system org.apache.poi.schemas.ooxml.system.ooxml
00:02:04.612 [main] TRACE - Resolving type for handle themefd26doctype
00:02:04.651 [main] TRACE - Resolving type for handle stylesheet5d8bdoctype
00:02:04.659 [main] TRACE - Resolving type for handle ctstylesheet4257type
00:02:04.662 [main] TRACE - Resolving type for handle ctfonts6623type
00:02:04.664 [main] TRACE - Resolving type for handle ctfont14d8type
00:02:04.667 [main] TRACE - Resolving type for handle ctfills2c6ftype
00:02:04.668 [main] TRACE - Resolving type for handle ctfill550ctype
00:02:04.669 [main] TRACE - Resolving type for handle ctborders0d66type
00:02:04.670 [main] TRACE - Resolving type for handle ctborderf935type
00:02:04.672 [main] TRACE - Resolving type for handle ctcellxfs1322type
00:02:04.673 [main] TRACE - Resolving type for handle ctxf97f7type
00:02:04.676 [main] TRACE - Resolving type for handle ctcellstylexfsa81ftype
00:02:04.676 [main] TRACE - Resolving type for handle ctdxfsb26atype
00:02:04.678 [main] TRACE - Resolving type for handle cttablestyles872ftype
00:02:04.680 [main] TRACE - Resolving type for handle sstf81fdoctype
00:02:04.683 [main] TRACE - Resolving type for handle ctsst44f3type
00:02:04.689 [main] TRACE - Resolving type for handle ctrsta472type
00:02:04.702 [main] DEBUG - using default POIXMLDocumentPart for http://schemas.openxmlformats.org/officeDocument/2006/relationships/printerSettings
00:02:04.703 [main] TRACE - Resolving type for handle workbookec17doctype
00:02:04.706 [main] TRACE - Resolving type for handle ctworkbook83c3type
00:02:04.710 [main] TRACE - Resolving type for handle ctsheets49fdtype
00:02:04.712 [main] TRACE - Resolving type for handle ctsheet4dbetype
00:02:04.713 [main] TRACE - Resolving type for handle strelationshipid1e94type
00:02:04.714 [main] TRACE - Resolving type for handle worksheetf539doctype
00:02:04.718 [main] TRACE - Resolving type for handle ctworksheet530dtype
00:02:04.722 [main] TRACE - Resolving type for handle ctsheetdata8408type
00:02:04.724 [main] TRACE - Resolving type for handle ctrowdd39type
00:02:04.727 [main] TRACE - Resolving type for handle ctcell842btype
00:02:04.732 [main] TRACE - Resolving type for handle stcellrefe4e0type
00:02:04.736 [main] TRACE - Resolving type for handle ctcols627ctype
00:02:04.739 [main] TRACE - Resolving type for handle ctcola95ftype
00:02:04.747 [main] TRACE - Resolving type for handle cthyperlinks6416type
00:02:04.749 [main] TRACE - Resolving type for handle cthyperlink0c85type
00:02:04.757 [main] TRACE - Resolving type for handle stxstringf179type
00:02:04.759 [main] TRACE - Resolving type for handle stcelltypebf95type
00:04:37.131 [main] DEBUG - Parsing relationship: /xl/_rels/workbook.xml.rels
00:04:37.135 [main] DEBUG - Parsing relationship: /xl/worksheets/_rels/sheet1.xml.rels
00:04:37.136 [main] DEBUG - Parsing relationship: /_rels/.rels
00:04:37.232 [main] TRACE - Loading type system org.apache.poi.schemas.ooxml.system.ooxml
00:04:37.234 [main] TRACE - Loading type system org.apache.xmlbeans.metadata.system.sXMLCONFIG
00:04:37.235 [main] TRACE - Loading type system org.apache.xmlbeans.metadata.system.sXMLLANG
00:04:37.235 [main] TRACE - Loading type system org.apache.xmlbeans.metadata.system.sXMLSCHEMA
00:04:37.235 [main] TRACE - Loading type system org.apache.xmlbeans.metadata.system.sXMLTOOLS
00:04:37.236 [main] TRACE - Reading unresolved handles for type system org.apache.xmlbeans.metadata.system.sXMLTOOLS
00:04:37.245 [main] TRACE - Finished loading type system org.apache.xmlbeans.metadata.system.sXMLTOOLS
00:04:37.245 [main] TRACE - Reading unresolved handles for type system org.apache.xmlbeans.metadata.system.sXMLSCHEMA
00:04:37.248 [main] TRACE - Finished loading type system org.apache.xmlbeans.metadata.system.sXMLSCHEMA
00:04:37.249 [main] TRACE - Reading unresolved handles for type system org.apache.xmlbeans.metadata.system.sXMLLANG
00:04:37.249 [main] TRACE - Finished loading type system org.apache.xmlbeans.metadata.system.sXMLLANG
00:04:37.250 [main] TRACE - Reading unresolved handles for type system org.apache.xmlbeans.metadata.system.sXMLCONFIG
00:04:37.250 [main] TRACE - Finished loading type system org.apache.xmlbeans.metadata.system.sXMLCONFIG
00:04:37.251 [main] TRACE - Reading unresolved handles for type system org.apache.poi.schemas.ooxml.system.ooxml
00:04:37.281 [main] TRACE - Finished loading type system org.apache.poi.schemas.ooxml.system.ooxml
00:04:37.281 [main] TRACE - Resolving type for handle themefd26doctype
00:04:37.321 [main] TRACE - Resolving type for handle stylesheet5d8bdoctype
00:04:37.330 [main] TRACE - Resolving type for handle ctstylesheet4257type
00:04:37.332 [main] TRACE - Resolving type for handle ctfonts6623type
00:04:37.335 [main] TRACE - Resolving type for handle ctfont14d8type
00:04:37.338 [main] TRACE - Resolving type for handle ctfills2c6ftype
00:04:37.340 [main] TRACE - Resolving type for handle ctfill550ctype
00:04:37.341 [main] TRACE - Resolving type for handle ctborders0d66type
00:04:37.342 [main] TRACE - Resolving type for handle ctborderf935type
00:04:37.344 [main] TRACE - Resolving type for handle ctcellxfs1322type
00:04:37.345 [main] TRACE - Resolving type for handle ctxf97f7type
00:04:37.347 [main] TRACE - Resolving type for handle ctcellstylexfsa81ftype
00:04:37.348 [main] TRACE - Resolving type for handle ctdxfsb26atype
00:04:37.350 [main] TRACE - Resolving type for handle cttablestyles872ftype
00:04:37.351 [main] TRACE - Resolving type for handle sstf81fdoctype
00:04:37.354 [main] TRACE - Resolving type for handle ctsst44f3type
00:04:37.360 [main] TRACE - Resolving type for handle ctrsta472type
00:04:37.372 [main] DEBUG - using default POIXMLDocumentPart for http://schemas.openxmlformats.org/officeDocument/2006/relationships/printerSettings
00:04:37.373 [main] TRACE - Resolving type for handle workbookec17doctype
00:04:37.376 [main] TRACE - Resolving type for handle ctworkbook83c3type
00:04:37.379 [main] TRACE - Resolving type for handle ctsheets49fdtype
00:04:37.380 [main] TRACE - Resolving type for handle ctsheet4dbetype
00:04:37.381 [main] TRACE - Resolving type for handle strelationshipid1e94type
00:04:37.382 [main] TRACE - Resolving type for handle worksheetf539doctype
00:04:37.385 [main] TRACE - Resolving type for handle ctworksheet530dtype
00:04:37.389 [main] TRACE - Resolving type for handle ctsheetdata8408type
00:04:37.391 [main] TRACE - Resolving type for handle ctrowdd39type
00:04:37.393 [main] TRACE - Resolving type for handle ctcell842btype
00:04:37.397 [main] TRACE - Resolving type for handle stcellrefe4e0type
00:04:37.401 [main] TRACE - Resolving type for handle ctcols627ctype
00:04:37.404 [main] TRACE - Resolving type for handle ctcola95ftype
00:04:37.414 [main] TRACE - Resolving type for handle cthyperlinks6416type
00:04:37.416 [main] TRACE - Resolving type for handle cthyperlink0c85type
00:04:37.424 [main] TRACE - Resolving type for handle stxstringf179type
00:04:37.425 [main] TRACE - Resolving type for handle stcelltypebf95type
00:06:42.035 [main] DEBUG - Parsing relationship: /xl/_rels/workbook.xml.rels
00:06:42.040 [main] DEBUG - Parsing relationship: /xl/worksheets/_rels/sheet1.xml.rels
00:06:42.042 [main] DEBUG - Parsing relationship: /_rels/.rels
00:06:42.136 [main] TRACE - Loading type system org.apache.poi.schemas.ooxml.system.ooxml
00:06:42.138 [main] TRACE - Loading type system org.apache.xmlbeans.metadata.system.sXMLCONFIG
00:06:42.139 [main] TRACE - Loading type system org.apache.xmlbeans.metadata.system.sXMLLANG
00:06:42.139 [main] TRACE - Loading type system org.apache.xmlbeans.metadata.system.sXMLSCHEMA
00:06:42.140 [main] TRACE - Loading type system org.apache.xmlbeans.metadata.system.sXMLTOOLS
00:06:42.140 [main] TRACE - Reading unresolved handles for type system org.apache.xmlbeans.metadata.system.sXMLTOOLS
00:06:42.148 [main] TRACE - Finished loading type system org.apache.xmlbeans.metadata.system.sXMLTOOLS
00:06:42.148 [main] TRACE - Reading unresolved handles for type system org.apache.xmlbeans.metadata.system.sXMLSCHEMA
00:06:42.151 [main] TRACE - Finished loading type system org.apache.xmlbeans.metadata.system.sXMLSCHEMA
00:06:42.151 [main] TRACE - Reading unresolved handles for type system org.apache.xmlbeans.metadata.system.sXMLLANG
00:06:42.152 [main] TRACE - Finished loading type system org.apache.xmlbeans.metadata.system.sXMLLANG
00:06:42.152 [main] TRACE - Reading unresolved handles for type system org.apache.xmlbeans.metadata.system.sXMLCONFIG
00:06:42.153 [main] TRACE - Finished loading type system org.apache.xmlbeans.metadata.system.sXMLCONFIG
00:06:42.153 [main] TRACE - Reading unresolved handles for type system org.apache.poi.schemas.ooxml.system.ooxml
00:06:42.189 [main] TRACE - Finished loading type system org.apache.poi.schemas.ooxml.system.ooxml
00:06:42.190 [main] TRACE - Resolving type for handle themefd26doctype
00:06:42.227 [main] TRACE - Resolving type for handle stylesheet5d8bdoctype
00:06:42.234 [main] TRACE - Resolving type for handle ctstylesheet4257type
00:06:42.238 [main] TRACE - Resolving type for handle ctfonts6623type
00:06:42.240 [main] TRACE - Resolving type for handle ctfont14d8type
00:06:42.244 [main] TRACE - Resolving type for handle ctfills2c6ftype
00:06:42.245 [main] TRACE - Resolving type for handle ctfill550ctype
00:06:42.246 [main] TRACE - Resolving type for handle ctborders0d66type
00:06:42.247 [main] TRACE - Resolving type for handle ctborderf935type
00:06:42.249 [main] TRACE - Resolving type for handle ctcellxfs1322type
00:06:42.250 [main] TRACE - Resolving type for handle ctxf97f7type
00:06:42.252 [main] TRACE - Resolving type for handle ctcellstylexfsa81ftype
00:06:42.253 [main] TRACE - Resolving type for handle ctdxfsb26atype
00:06:42.256 [main] TRACE - Resolving type for handle cttablestyles872ftype
00:06:42.259 [main] TRACE - Resolving type for handle sstf81fdoctype
00:06:42.262 [main] TRACE - Resolving type for handle ctsst44f3type
00:06:42.267 [main] TRACE - Resolving type for handle ctrsta472type
00:06:42.279 [main] DEBUG - using default POIXMLDocumentPart for http://schemas.openxmlformats.org/officeDocument/2006/relationships/printerSettings
00:06:42.279 [main] TRACE - Resolving type for handle workbookec17doctype
00:06:42.283 [main] TRACE - Resolving type for handle ctworkbook83c3type
00:06:42.286 [main] TRACE - Resolving type for handle ctsheets49fdtype
00:06:42.287 [main] TRACE - Resolving type for handle ctsheet4dbetype
00:06:42.288 [main] TRACE - Resolving type for handle strelationshipid1e94type
00:06:42.289 [main] TRACE - Resolving type for handle worksheetf539doctype
00:06:42.292 [main] TRACE - Resolving type for handle ctworksheet530dtype
00:06:42.296 [main] TRACE - Resolving type for handle ctsheetdata8408type
00:06:42.297 [main] TRACE - Resolving type for handle ctrowdd39type
00:06:42.301 [main] TRACE - Resolving type for handle ctcell842btype
00:06:42.305 [main] TRACE - Resolving type for handle stcellrefe4e0type
00:06:42.309 [main] TRACE - Resolving type for handle ctcols627ctype
00:06:42.312 [main] TRACE - Resolving type for handle ctcola95ftype
00:06:42.322 [main] TRACE - Resolving type for handle cthyperlinks6416type
00:06:42.323 [main] TRACE - Resolving type for handle cthyperlink0c85type
00:06:42.330 [main] TRACE - Resolving type for handle stxstringf179type
00:06:42.331 [main] TRACE - Resolving type for handle stcelltypebf95type
00:47:01.298 [main] DEBUG - Parsing relationship: /xl/_rels/workbook.xml.rels
00:47:01.301 [main] DEBUG - Parsing relationship: /xl/worksheets/_rels/sheet1.xml.rels
00:47:01.303 [main] DEBUG - Parsing relationship: /_rels/.rels
00:47:01.399 [main] TRACE - Loading type system org.apache.poi.schemas.ooxml.system.ooxml
00:47:01.402 [main] TRACE - Loading type system org.apache.xmlbeans.metadata.system.sXMLCONFIG
00:47:01.402 [main] TRACE - Loading type system org.apache.xmlbeans.metadata.system.sXMLLANG
00:47:01.402 [main] TRACE - Loading type system org.apache.xmlbeans.metadata.system.sXMLSCHEMA
00:47:01.403 [main] TRACE - Loading type system org.apache.xmlbeans.metadata.system.sXMLTOOLS
00:47:01.404 [main] TRACE - Reading unresolved handles for type system org.apache.xmlbeans.metadata.system.sXMLTOOLS
00:47:01.411 [main] TRACE - Finished loading type system org.apache.xmlbeans.metadata.system.sXMLTOOLS
00:47:01.411 [main] TRACE - Reading unresolved handles for type system org.apache.xmlbeans.metadata.system.sXMLSCHEMA
00:47:01.414 [main] TRACE - Finished loading type system org.apache.xmlbeans.metadata.system.sXMLSCHEMA
00:47:01.414 [main] TRACE - Reading unresolved handles for type system org.apache.xmlbeans.metadata.system.sXMLLANG
00:47:01.415 [main] TRACE - Finished loading type system org.apache.xmlbeans.metadata.system.sXMLLANG
00:47:01.415 [main] TRACE - Reading unresolved handles for type system org.apache.xmlbeans.metadata.system.sXMLCONFIG
00:47:01.416 [main] TRACE - Finished loading type system org.apache.xmlbeans.metadata.system.sXMLCONFIG
00:47:01.416 [main] TRACE - Reading unresolved handles for type system org.apache.poi.schemas.ooxml.system.ooxml
00:47:01.450 [main] TRACE - Finished loading type system org.apache.poi.schemas.ooxml.system.ooxml
00:47:01.451 [main] TRACE - Resolving type for handle themefd26doctype
00:47:01.486 [main] TRACE - Resolving type for handle stylesheet5d8bdoctype
00:47:01.495 [main] TRACE - Resolving type for handle ctstylesheet4257type
00:47:01.498 [main] TRACE - Resolving type for handle ctfonts6623type
00:47:01.499 [main] TRACE - Resolving type for handle ctfont14d8type
00:47:01.503 [main] TRACE - Resolving type for handle ctfills2c6ftype
00:47:01.504 [main] TRACE - Resolving type for handle ctfill550ctype
00:47:01.505 [main] TRACE - Resolving type for handle ctborders0d66type
00:47:01.506 [main] TRACE - Resolving type for handle ctborderf935type
00:47:01.508 [main] TRACE - Resolving type for handle ctcellxfs1322type
00:47:01.509 [main] TRACE - Resolving type for handle ctxf97f7type
00:47:01.511 [main] TRACE - Resolving type for handle ctcellstylexfsa81ftype
00:47:01.512 [main] TRACE - Resolving type for handle ctdxfsb26atype
00:47:01.513 [main] TRACE - Resolving type for handle cttablestyles872ftype
00:47:01.515 [main] TRACE - Resolving type for handle sstf81fdoctype
00:47:01.518 [main] TRACE - Resolving type for handle ctsst44f3type
00:47:01.524 [main] TRACE - Resolving type for handle ctrsta472type
00:47:01.535 [main] DEBUG - using default POIXMLDocumentPart for http://schemas.openxmlformats.org/officeDocument/2006/relationships/printerSettings
00:47:01.535 [main] TRACE - Resolving type for handle workbookec17doctype
00:47:01.539 [main] TRACE - Resolving type for handle ctworkbook83c3type
00:47:01.542 [main] TRACE - Resolving type for handle ctsheets49fdtype
00:47:01.543 [main] TRACE - Resolving type for handle ctsheet4dbetype
00:47:01.544 [main] TRACE - Resolving type for handle strelationshipid1e94type
00:47:01.545 [main] TRACE - Resolving type for handle worksheetf539doctype
00:47:01.549 [main] TRACE - Resolving type for handle ctworksheet530dtype
00:47:01.552 [main] TRACE - Resolving type for handle ctsheetdata8408type
00:47:01.553 [main] TRACE - Resolving type for handle ctrowdd39type
00:47:01.555 [main] TRACE - Resolving type for handle ctcell842btype
00:47:01.561 [main] TRACE - Resolving type for handle stcellrefe4e0type
00:47:01.565 [main] TRACE - Resolving type for handle ctcols627ctype
00:47:01.568 [main] TRACE - Resolving type for handle ctcola95ftype
00:47:01.577 [main] TRACE - Resolving type for handle cthyperlinks6416type
00:47:01.578 [main] TRACE - Resolving type for handle cthyperlink0c85type
00:47:01.586 [main] TRACE - Resolving type for handle stxstringf179type
00:47:01.587 [main] TRACE - Resolving type for handle stcelltypebf95type
00:48:04.971 [main] DEBUG - Parsing relationship: /xl/_rels/workbook.xml.rels
00:48:04.975 [main] DEBUG - Parsing relationship: /xl/worksheets/_rels/sheet1.xml.rels
00:48:04.977 [main] DEBUG - Parsing relationship: /_rels/.rels
00:48:05.074 [main] TRACE - Loading type system org.apache.poi.schemas.ooxml.system.ooxml
00:48:05.075 [main] TRACE - Loading type system org.apache.xmlbeans.metadata.system.sXMLCONFIG
00:48:05.076 [main] TRACE - Loading type system org.apache.xmlbeans.metadata.system.sXMLLANG
00:48:05.076 [main] TRACE - Loading type system org.apache.xmlbeans.metadata.system.sXMLSCHEMA
00:48:05.077 [main] TRACE - Loading type system org.apache.xmlbeans.metadata.system.sXMLTOOLS
00:48:05.077 [main] TRACE - Reading unresolved handles for type system org.apache.xmlbeans.metadata.system.sXMLTOOLS
00:48:05.084 [main] TRACE - Finished loading type system org.apache.xmlbeans.metadata.system.sXMLTOOLS
00:48:05.084 [main] TRACE - Reading unresolved handles for type system org.apache.xmlbeans.metadata.system.sXMLSCHEMA
00:48:05.087 [main] TRACE - Finished loading type system org.apache.xmlbeans.metadata.system.sXMLSCHEMA
00:48:05.087 [main] TRACE - Reading unresolved handles for type system org.apache.xmlbeans.metadata.system.sXMLLANG
00:48:05.088 [main] TRACE - Finished loading type system org.apache.xmlbeans.metadata.system.sXMLLANG
00:48:05.088 [main] TRACE - Reading unresolved handles for type system org.apache.xmlbeans.metadata.system.sXMLCONFIG
00:48:05.089 [main] TRACE - Finished loading type system org.apache.xmlbeans.metadata.system.sXMLCONFIG
00:48:05.089 [main] TRACE - Reading unresolved handles for type system org.apache.poi.schemas.ooxml.system.ooxml
00:48:05.119 [main] TRACE - Finished loading type system org.apache.poi.schemas.ooxml.system.ooxml
00:48:05.121 [main] TRACE - Resolving type for handle themefd26doctype
00:48:05.154 [main] TRACE - Resolving type for handle stylesheet5d8bdoctype
00:48:05.163 [main] TRACE - Resolving type for handle ctstylesheet4257type
00:48:05.166 [main] TRACE - Resolving type for handle ctfonts6623type
00:48:05.167 [main] TRACE - Resolving type for handle ctfont14d8type
00:48:05.170 [main] TRACE - Resolving type for handle ctfills2c6ftype
00:48:05.171 [main] TRACE - Resolving type for handle ctfill550ctype
00:48:05.172 [main] TRACE - Resolving type for handle ctborders0d66type
00:48:05.173 [main] TRACE - Resolving type for handle ctborderf935type
00:48:05.175 [main] TRACE - Resolving type for handle ctcellxfs1322type
00:48:05.177 [main] TRACE - Resolving type for handle ctxf97f7type
00:48:05.179 [main] TRACE - Resolving type for handle ctcellstylexfsa81ftype
00:48:05.180 [main] TRACE - Resolving type for handle ctdxfsb26atype
00:48:05.181 [main] TRACE - Resolving type for handle cttablestyles872ftype
00:48:05.183 [main] TRACE - Resolving type for handle sstf81fdoctype
00:48:05.186 [main] TRACE - Resolving type for handle ctsst44f3type
00:48:05.192 [main] TRACE - Resolving type for handle ctrsta472type
00:48:05.203 [main] DEBUG - using default POIXMLDocumentPart for http://schemas.openxmlformats.org/officeDocument/2006/relationships/printerSettings
00:48:05.204 [main] TRACE - Resolving type for handle workbookec17doctype
00:48:05.207 [main] TRACE - Resolving type for handle ctworkbook83c3type
00:48:05.210 [main] TRACE - Resolving type for handle ctsheets49fdtype
00:48:05.211 [main] TRACE - Resolving type for handle ctsheet4dbetype
00:48:05.212 [main] TRACE - Resolving type for handle strelationshipid1e94type
00:48:05.213 [main] TRACE - Resolving type for handle worksheetf539doctype
00:48:05.216 [main] TRACE - Resolving type for handle ctworksheet530dtype
00:48:05.220 [main] TRACE - Resolving type for handle ctsheetdata8408type
00:48:05.222 [main] TRACE - Resolving type for handle ctrowdd39type
00:48:05.224 [main] TRACE - Resolving type for handle ctcell842btype
00:48:05.228 [main] TRACE - Resolving type for handle stcellrefe4e0type
00:48:05.232 [main] TRACE - Resolving type for handle ctcols627ctype
00:48:05.235 [main] TRACE - Resolving type for handle ctcola95ftype
00:48:05.245 [main] TRACE - Resolving type for handle cthyperlinks6416type
00:48:05.246 [main] TRACE - Resolving type for handle cthyperlink0c85type
00:48:05.253 [main] TRACE - Resolving type for handle stxstringf179type
00:48:05.254 [main] TRACE - Resolving type for handle stcelltypebf95type
01:00:44.143 [main] DEBUG - Parsing relationship: /xl/_rels/workbook.xml.rels
01:00:44.147 [main] DEBUG - Parsing relationship: /xl/worksheets/_rels/sheet1.xml.rels
01:00:44.149 [main] DEBUG - Parsing relationship: /_rels/.rels
01:00:44.242 [main] TRACE - Loading type system org.apache.poi.schemas.ooxml.system.ooxml
01:00:44.243 [main] TRACE - Loading type system org.apache.xmlbeans.metadata.system.sXMLCONFIG
01:00:44.244 [main] TRACE - Loading type system org.apache.xmlbeans.metadata.system.sXMLLANG
01:00:44.244 [main] TRACE - Loading type system org.apache.xmlbeans.metadata.system.sXMLSCHEMA
01:00:44.244 [main] TRACE - Loading type system org.apache.xmlbeans.metadata.system.sXMLTOOLS
01:00:44.245 [main] TRACE - Reading unresolved handles for type system org.apache.xmlbeans.metadata.system.sXMLTOOLS
01:00:44.252 [main] TRACE - Finished loading type system org.apache.xmlbeans.metadata.system.sXMLTOOLS
01:00:44.252 [main] TRACE - Reading unresolved handles for type system org.apache.xmlbeans.metadata.system.sXMLSCHEMA
01:00:44.255 [main] TRACE - Finished loading type system org.apache.xmlbeans.metadata.system.sXMLSCHEMA
01:00:44.255 [main] TRACE - Reading unresolved handles for type system org.apache.xmlbeans.metadata.system.sXMLLANG
01:00:44.257 [main] TRACE - Finished loading type system org.apache.xmlbeans.metadata.system.sXMLLANG
01:00:44.257 [main] TRACE - Reading unresolved handles for type system org.apache.xmlbeans.metadata.system.sXMLCONFIG
01:00:44.258 [main] TRACE - Finished loading type system org.apache.xmlbeans.metadata.system.sXMLCONFIG
01:00:44.258 [main] TRACE - Reading unresolved handles for type system org.apache.poi.schemas.ooxml.system.ooxml
01:00:44.292 [main] TRACE - Finished loading type system org.apache.poi.schemas.ooxml.system.ooxml
01:00:44.292 [main] TRACE - Resolving type for handle themefd26doctype
01:00:44.331 [main] TRACE - Resolving type for handle stylesheet5d8bdoctype
01:00:44.339 [main] TRACE - Resolving type for handle ctstylesheet4257type
01:00:44.342 [main] TRACE - Resolving type for handle ctfonts6623type
01:00:44.344 [main] TRACE - Resolving type for handle ctfont14d8type
01:00:44.348 [main] TRACE - Resolving type for handle ctfills2c6ftype
01:00:44.349 [main] TRACE - Resolving type for handle ctfill550ctype
01:00:44.350 [main] TRACE - Resolving type for handle ctborders0d66type
01:00:44.351 [main] TRACE - Resolving type for handle ctborderf935type
01:00:44.352 [main] TRACE - Resolving type for handle ctcellxfs1322type
01:00:44.353 [main] TRACE - Resolving type for handle ctxf97f7type
01:00:44.355 [main] TRACE - Resolving type for handle ctcellstylexfsa81ftype
01:00:44.356 [main] TRACE - Resolving type for handle ctdxfsb26atype
01:00:44.358 [main] TRACE - Resolving type for handle cttablestyles872ftype
01:00:44.360 [main] TRACE - Resolving type for handle sstf81fdoctype
01:00:44.363 [main] TRACE - Resolving type for handle ctsst44f3type
01:00:44.368 [main] TRACE - Resolving type for handle ctrsta472type
01:00:44.381 [main] DEBUG - using default POIXMLDocumentPart for http://schemas.openxmlformats.org/officeDocument/2006/relationships/printerSettings
01:00:44.382 [main] TRACE - Resolving type for handle workbookec17doctype
01:00:44.385 [main] TRACE - Resolving type for handle ctworkbook83c3type
01:00:44.388 [main] TRACE - Resolving type for handle ctsheets49fdtype
01:00:44.389 [main] TRACE - Resolving type for handle ctsheet4dbetype
01:00:44.391 [main] TRACE - Resolving type for handle strelationshipid1e94type
01:00:44.392 [main] TRACE - Resolving type for handle worksheetf539doctype
01:00:44.395 [main] TRACE - Resolving type for handle ctworksheet530dtype
01:00:44.399 [main] TRACE - Resolving type for handle ctsheetdata8408type
01:00:44.400 [main] TRACE - Resolving type for handle ctrowdd39type
01:00:44.403 [main] TRACE - Resolving type for handle ctcell842btype
01:00:44.407 [main] TRACE - Resolving type for handle stcellrefe4e0type
01:00:44.412 [main] TRACE - Resolving type for handle ctcols627ctype
01:00:44.414 [main] TRACE - Resolving type for handle ctcola95ftype
01:00:44.424 [main] TRACE - Resolving type for handle cthyperlinks6416type
01:00:44.425 [main] TRACE - Resolving type for handle cthyperlink0c85type
01:00:44.433 [main] TRACE - Resolving type for handle stxstringf179type
01:00:44.435 [main] TRACE - Resolving type for handle stcelltypebf95type
01:01:28.744 [main] DEBUG - Parsing relationship: /xl/_rels/workbook.xml.rels
01:01:28.749 [main] DEBUG - Parsing relationship: /xl/worksheets/_rels/sheet1.xml.rels
01:01:28.750 [main] DEBUG - Parsing relationship: /_rels/.rels
01:01:28.840 [main] TRACE - Loading type system org.apache.poi.schemas.ooxml.system.ooxml
01:01:28.842 [main] TRACE - Loading type system org.apache.xmlbeans.metadata.system.sXMLCONFIG
01:01:28.843 [main] TRACE - Loading type system org.apache.xmlbeans.metadata.system.sXMLLANG
01:01:28.843 [main] TRACE - Loading type system org.apache.xmlbeans.metadata.system.sXMLSCHEMA
01:01:28.843 [main] TRACE - Loading type system org.apache.xmlbeans.metadata.system.sXMLTOOLS
01:01:28.844 [main] TRACE - Reading unresolved handles for type system org.apache.xmlbeans.metadata.system.sXMLTOOLS
01:01:28.851 [main] TRACE - Finished loading type system org.apache.xmlbeans.metadata.system.sXMLTOOLS
01:01:28.852 [main] TRACE - Reading unresolved handles for type system org.apache.xmlbeans.metadata.system.sXMLSCHEMA
01:01:28.855 [main] TRACE - Finished loading type system org.apache.xmlbeans.metadata.system.sXMLSCHEMA
01:01:28.855 [main] TRACE - Reading unresolved handles for type system org.apache.xmlbeans.metadata.system.sXMLLANG
01:01:28.856 [main] TRACE - Finished loading type system org.apache.xmlbeans.metadata.system.sXMLLANG
01:01:28.856 [main] TRACE - Reading unresolved handles for type system org.apache.xmlbeans.metadata.system.sXMLCONFIG
01:01:28.857 [main] TRACE - Finished loading type system org.apache.xmlbeans.metadata.system.sXMLCONFIG
01:01:28.857 [main] TRACE - Reading unresolved handles for type system org.apache.poi.schemas.ooxml.system.ooxml
01:01:28.893 [main] TRACE - Finished loading type system org.apache.poi.schemas.ooxml.system.ooxml
01:01:28.893 [main] TRACE - Resolving type for handle themefd26doctype
01:01:28.928 [main] TRACE - Resolving type for handle stylesheet5d8bdoctype
01:01:28.933 [main] TRACE - Resolving type for handle ctstylesheet4257type
01:01:28.935 [main] TRACE - Resolving type for handle ctfonts6623type
01:01:28.938 [main] TRACE - Resolving type for handle ctfont14d8type
01:01:28.944 [main] TRACE - Resolving type for handle ctfills2c6ftype
01:01:28.945 [main] TRACE - Resolving type for handle ctfill550ctype
01:01:28.946 [main] TRACE - Resolving type for handle ctborders0d66type
01:01:28.950 [main] TRACE - Resolving type for handle ctborderf935type
01:01:28.952 [main] TRACE - Resolving type for handle ctcellxfs1322type
01:01:28.954 [main] TRACE - Resolving type for handle ctxf97f7type
01:01:28.955 [main] TRACE - Resolving type for handle ctcellstylexfsa81ftype
01:01:28.956 [main] TRACE - Resolving type for handle ctdxfsb26atype
01:01:28.958 [main] TRACE - Resolving type for handle cttablestyles872ftype
01:01:28.959 [main] TRACE - Resolving type for handle sstf81fdoctype
01:01:28.962 [main] TRACE - Resolving type for handle ctsst44f3type
01:01:28.968 [main] TRACE - Resolving type for handle ctrsta472type
01:01:28.980 [main] DEBUG - using default POIXMLDocumentPart for http://schemas.openxmlformats.org/officeDocument/2006/relationships/printerSettings
01:01:28.981 [main] TRACE - Resolving type for handle workbookec17doctype
01:01:28.984 [main] TRACE - Resolving type for handle ctworkbook83c3type
01:01:28.986 [main] TRACE - Resolving type for handle ctsheets49fdtype
01:01:28.987 [main] TRACE - Resolving type for handle ctsheet4dbetype
01:01:28.988 [main] TRACE - Resolving type for handle strelationshipid1e94type
01:01:28.990 [main] TRACE - Resolving type for handle worksheetf539doctype
01:01:28.993 [main] TRACE - Resolving type for handle ctworksheet530dtype
01:01:28.999 [main] TRACE - Resolving type for handle ctsheetdata8408type
01:01:29.001 [main] TRACE - Resolving type for handle ctrowdd39type
01:01:29.003 [main] TRACE - Resolving type for handle ctcell842btype
01:01:29.006 [main] TRACE - Resolving type for handle stcellrefe4e0type
01:01:29.011 [main] TRACE - Resolving type for handle ctcols627ctype
01:01:29.014 [main] TRACE - Resolving type for handle ctcola95ftype
01:01:29.023 [main] TRACE - Resolving type for handle cthyperlinks6416type
01:01:29.024 [main] TRACE - Resolving type for handle cthyperlink0c85type
01:01:29.031 [main] TRACE - Resolving type for handle stxstringf179type
01:01:29.032 [main] TRACE - Resolving type for handle stcelltypebf95type
01:04:36.498 [main] DEBUG - Parsing relationship: /xl/_rels/workbook.xml.rels
01:04:36.502 [main] DEBUG - Parsing relationship: /xl/worksheets/_rels/sheet1.xml.rels
01:04:36.503 [main] DEBUG - Parsing relationship: /xl/worksheets/_rels/sheet2.xml.rels
01:04:36.504 [main] DEBUG - Parsing relationship: /_rels/.rels
01:04:36.595 [main] TRACE - Loading type system org.apache.poi.schemas.ooxml.system.ooxml
01:04:36.597 [main] TRACE - Loading type system org.apache.xmlbeans.metadata.system.sXMLCONFIG
01:04:36.597 [main] TRACE - Loading type system org.apache.xmlbeans.metadata.system.sXMLLANG
01:04:36.598 [main] TRACE - Loading type system org.apache.xmlbeans.metadata.system.sXMLSCHEMA
01:04:36.598 [main] TRACE - Loading type system org.apache.xmlbeans.metadata.system.sXMLTOOLS
01:04:36.599 [main] TRACE - Reading unresolved handles for type system org.apache.xmlbeans.metadata.system.sXMLTOOLS
01:04:36.607 [main] TRACE - Finished loading type system org.apache.xmlbeans.metadata.system.sXMLTOOLS
01:04:36.607 [main] TRACE - Reading unresolved handles for type system org.apache.xmlbeans.metadata.system.sXMLSCHEMA
01:04:36.610 [main] TRACE - Finished loading type system org.apache.xmlbeans.metadata.system.sXMLSCHEMA
01:04:36.611 [main] TRACE - Reading unresolved handles for type system org.apache.xmlbeans.metadata.system.sXMLLANG
01:04:36.611 [main] TRACE - Finished loading type system org.apache.xmlbeans.metadata.system.sXMLLANG
01:04:36.612 [main] TRACE - Reading unresolved handles for type system org.apache.xmlbeans.metadata.system.sXMLCONFIG
01:04:36.612 [main] TRACE - Finished loading type system org.apache.xmlbeans.metadata.system.sXMLCONFIG
01:04:36.613 [main] TRACE - Reading unresolved handles for type system org.apache.poi.schemas.ooxml.system.ooxml
01:04:36.647 [main] TRACE - Finished loading type system org.apache.poi.schemas.ooxml.system.ooxml
01:04:36.647 [main] TRACE - Resolving type for handle themefd26doctype
01:04:36.684 [main] TRACE - Resolving type for handle stylesheet5d8bdoctype
01:04:36.692 [main] TRACE - Resolving type for handle ctstylesheet4257type
01:04:36.696 [main] TRACE - Resolving type for handle ctfonts6623type
01:04:36.698 [main] TRACE - Resolving type for handle ctfont14d8type
01:04:36.700 [main] TRACE - Resolving type for handle ctfills2c6ftype
01:04:36.702 [main] TRACE - Resolving type for handle ctfill550ctype
01:04:36.703 [main] TRACE - Resolving type for handle ctborders0d66type
01:04:36.704 [main] TRACE - Resolving type for handle ctborderf935type
01:04:36.706 [main] TRACE - Resolving type for handle ctcellxfs1322type
01:04:36.707 [main] TRACE - Resolving type for handle ctxf97f7type
01:04:36.708 [main] TRACE - Resolving type for handle ctcellstylexfsa81ftype
01:04:36.709 [main] TRACE - Resolving type for handle ctdxfsb26atype
01:04:36.710 [main] TRACE - Resolving type for handle cttablestyles872ftype
01:04:36.712 [main] TRACE - Resolving type for handle sstf81fdoctype
01:04:36.716 [main] TRACE - Resolving type for handle ctsst44f3type
01:04:36.721 [main] TRACE - Resolving type for handle ctrsta472type
01:04:36.732 [main] DEBUG - using default POIXMLDocumentPart for http://schemas.openxmlformats.org/officeDocument/2006/relationships/printerSettings
01:04:36.733 [main] DEBUG - using default POIXMLDocumentPart for http://schemas.openxmlformats.org/officeDocument/2006/relationships/printerSettings
01:04:36.733 [main] TRACE - Resolving type for handle workbookec17doctype
01:04:36.736 [main] TRACE - Resolving type for handle ctworkbook83c3type
01:04:36.739 [main] TRACE - Resolving type for handle ctsheets49fdtype
01:04:36.741 [main] TRACE - Resolving type for handle ctsheet4dbetype
01:04:36.742 [main] TRACE - Resolving type for handle strelationshipid1e94type
01:04:36.744 [main] TRACE - Resolving type for handle worksheetf539doctype
01:04:36.747 [main] TRACE - Resolving type for handle ctworksheet530dtype
01:04:36.750 [main] TRACE - Resolving type for handle ctsheetdata8408type
01:04:36.752 [main] TRACE - Resolving type for handle ctrowdd39type
01:04:36.755 [main] TRACE - Resolving type for handle ctcell842btype
01:04:36.759 [main] TRACE - Resolving type for handle stcellrefe4e0type
01:04:36.763 [main] TRACE - Resolving type for handle ctcols627ctype
01:04:36.766 [main] TRACE - Resolving type for handle ctcola95ftype
01:04:36.776 [main] TRACE - Resolving type for handle cthyperlinks6416type
01:04:36.777 [main] TRACE - Resolving type for handle cthyperlink0c85type
01:04:36.784 [main] TRACE - Resolving type for handle stxstringf179type
01:04:36.787 [main] TRACE - Resolving type for handle stcelltypebf95type
01:12:25.927 [main] DEBUG - Parsing relationship: /xl/_rels/workbook.xml.rels
01:12:25.931 [main] DEBUG - Parsing relationship: /xl/worksheets/_rels/sheet1.xml.rels
01:12:25.932 [main] DEBUG - Parsing relationship: /xl/worksheets/_rels/sheet2.xml.rels
01:12:25.933 [main] DEBUG - Parsing relationship: /_rels/.rels
01:12:26.031 [main] TRACE - Loading type system org.apache.poi.schemas.ooxml.system.ooxml
01:12:26.033 [main] TRACE - Loading type system org.apache.xmlbeans.metadata.system.sXMLCONFIG
01:12:26.033 [main] TRACE - Loading type system org.apache.xmlbeans.metadata.system.sXMLLANG
01:12:26.034 [main] TRACE - Loading type system org.apache.xmlbeans.metadata.system.sXMLSCHEMA
01:12:26.034 [main] TRACE - Loading type system org.apache.xmlbeans.metadata.system.sXMLTOOLS
01:12:26.034 [main] TRACE - Reading unresolved handles for type system org.apache.xmlbeans.metadata.system.sXMLTOOLS
01:12:26.046 [main] TRACE - Finished loading type system org.apache.xmlbeans.metadata.system.sXMLTOOLS
01:12:26.047 [main] TRACE - Reading unresolved handles for type system org.apache.xmlbeans.metadata.system.sXMLSCHEMA
01:12:26.049 [main] TRACE - Finished loading type system org.apache.xmlbeans.metadata.system.sXMLSCHEMA
01:12:26.050 [main] TRACE - Reading unresolved handles for type system org.apache.xmlbeans.metadata.system.sXMLLANG
01:12:26.050 [main] TRACE - Finished loading type system org.apache.xmlbeans.metadata.system.sXMLLANG
01:12:26.051 [main] TRACE - Reading unresolved handles for type system org.apache.xmlbeans.metadata.system.sXMLCONFIG
01:12:26.051 [main] TRACE - Finished loading type system org.apache.xmlbeans.metadata.system.sXMLCONFIG
01:12:26.052 [main] TRACE - Reading unresolved handles for type system org.apache.poi.schemas.ooxml.system.ooxml
01:12:26.085 [main] TRACE - Finished loading type system org.apache.poi.schemas.ooxml.system.ooxml
01:12:26.086 [main] TRACE - Resolving type for handle themefd26doctype
01:12:26.122 [main] TRACE - Resolving type for handle stylesheet5d8bdoctype
01:12:26.130 [main] TRACE - Resolving type for handle ctstylesheet4257type
01:12:26.133 [main] TRACE - Resolving type for handle ctfonts6623type
01:12:26.135 [main] TRACE - Resolving type for handle ctfont14d8type
01:12:26.139 [main] TRACE - Resolving type for handle ctfills2c6ftype
01:12:26.141 [main] TRACE - Resolving type for handle ctfill550ctype
01:12:26.142 [main] TRACE - Resolving type for handle ctborders0d66type
01:12:26.143 [main] TRACE - Resolving type for handle ctborderf935type
01:12:26.145 [main] TRACE - Resolving type for handle ctcellxfs1322type
01:12:26.146 [main] TRACE - Resolving type for handle ctxf97f7type
01:12:26.149 [main] TRACE - Resolving type for handle ctcellstylexfsa81ftype
01:12:26.150 [main] TRACE - Resolving type for handle ctdxfsb26atype
01:12:26.151 [main] TRACE - Resolving type for handle cttablestyles872ftype
01:12:26.154 [main] TRACE - Resolving type for handle sstf81fdoctype
01:12:26.157 [main] TRACE - Resolving type for handle ctsst44f3type
01:12:26.162 [main] TRACE - Resolving type for handle ctrsta472type
01:12:26.176 [main] DEBUG - using default POIXMLDocumentPart for http://schemas.openxmlformats.org/officeDocument/2006/relationships/printerSettings
01:12:26.176 [main] DEBUG - using default POIXMLDocumentPart for http://schemas.openxmlformats.org/officeDocument/2006/relationships/printerSettings
01:12:26.177 [main] TRACE - Resolving type for handle workbookec17doctype
01:12:26.180 [main] TRACE - Resolving type for handle ctworkbook83c3type
01:12:26.182 [main] TRACE - Resolving type for handle ctsheets49fdtype
01:12:26.184 [main] TRACE - Resolving type for handle ctsheet4dbetype
01:12:26.184 [main] TRACE - Resolving type for handle strelationshipid1e94type
01:12:26.186 [main] TRACE - Resolving type for handle worksheetf539doctype
01:12:26.190 [main] TRACE - Resolving type for handle ctworksheet530dtype
01:12:26.194 [main] TRACE - Resolving type for handle ctsheetdata8408type
01:12:26.195 [main] TRACE - Resolving type for handle ctrowdd39type
01:12:26.198 [main] TRACE - Resolving type for handle ctcell842btype
01:12:26.202 [main] TRACE - Resolving type for handle stcellrefe4e0type
01:12:26.207 [main] TRACE - Resolving type for handle ctcols627ctype
01:12:26.212 [main] TRACE - Resolving type for handle ctcola95ftype
01:12:26.221 [main] TRACE - Resolving type for handle cthyperlinks6416type
01:12:26.222 [main] TRACE - Resolving type for handle cthyperlink0c85type
01:12:26.230 [main] TRACE - Resolving type for handle stxstringf179type
01:12:26.231 [main] TRACE - Resolving type for handle stcelltypebf95type
01:14:24.370 [main] DEBUG - Parsing relationship: /xl/_rels/workbook.xml.rels
01:14:24.374 [main] DEBUG - Parsing relationship: /xl/worksheets/_rels/sheet1.xml.rels
01:14:24.375 [main] DEBUG - Parsing relationship: /xl/worksheets/_rels/sheet2.xml.rels
01:14:24.376 [main] DEBUG - Parsing relationship: /_rels/.rels
01:14:24.466 [main] TRACE - Loading type system org.apache.poi.schemas.ooxml.system.ooxml
01:14:24.468 [main] TRACE - Loading type system org.apache.xmlbeans.metadata.system.sXMLCONFIG
01:14:24.468 [main] TRACE - Loading type system org.apache.xmlbeans.metadata.system.sXMLLANG
01:14:24.469 [main] TRACE - Loading type system org.apache.xmlbeans.metadata.system.sXMLSCHEMA
01:14:24.469 [main] TRACE - Loading type system org.apache.xmlbeans.metadata.system.sXMLTOOLS
01:14:24.469 [main] TRACE - Reading unresolved handles for type system org.apache.xmlbeans.metadata.system.sXMLTOOLS
01:14:24.476 [main] TRACE - Finished loading type system org.apache.xmlbeans.metadata.system.sXMLTOOLS
01:14:24.477 [main] TRACE - Reading unresolved handles for type system org.apache.xmlbeans.metadata.system.sXMLSCHEMA
01:14:24.480 [main] TRACE - Finished loading type system org.apache.xmlbeans.metadata.system.sXMLSCHEMA
01:14:24.480 [main] TRACE - Reading unresolved handles for type system org.apache.xmlbeans.metadata.system.sXMLLANG
01:14:24.482 [main] TRACE - Finished loading type system org.apache.xmlbeans.metadata.system.sXMLLANG
01:14:24.482 [main] TRACE - Reading unresolved handles for type system org.apache.xmlbeans.metadata.system.sXMLCONFIG
01:14:24.483 [main] TRACE - Finished loading type system org.apache.xmlbeans.metadata.system.sXMLCONFIG
01:14:24.483 [main] TRACE - Reading unresolved handles for type system org.apache.poi.schemas.ooxml.system.ooxml
01:14:24.517 [main] TRACE - Finished loading type system org.apache.poi.schemas.ooxml.system.ooxml
01:14:24.517 [main] TRACE - Resolving type for handle themefd26doctype
01:14:24.554 [main] TRACE - Resolving type for handle stylesheet5d8bdoctype
01:14:24.562 [main] TRACE - Resolving type for handle ctstylesheet4257type
01:14:24.566 [main] TRACE - Resolving type for handle ctfonts6623type
01:14:24.567 [main] TRACE - Resolving type for handle ctfont14d8type
01:14:24.571 [main] TRACE - Resolving type for handle ctfills2c6ftype
01:14:24.572 [main] TRACE - Resolving type for handle ctfill550ctype
01:14:24.573 [main] TRACE - Resolving type for handle ctborders0d66type
01:14:24.574 [main] TRACE - Resolving type for handle ctborderf935type
01:14:24.576 [main] TRACE - Resolving type for handle ctcellxfs1322type
01:14:24.578 [main] TRACE - Resolving type for handle ctxf97f7type
01:14:24.579 [main] TRACE - Resolving type for handle ctcellstylexfsa81ftype
01:14:24.580 [main] TRACE - Resolving type for handle ctdxfsb26atype
01:14:24.582 [main] TRACE - Resolving type for handle cttablestyles872ftype
01:14:24.583 [main] TRACE - Resolving type for handle sstf81fdoctype
01:14:24.587 [main] TRACE - Resolving type for handle ctsst44f3type
01:14:24.592 [main] TRACE - Resolving type for handle ctrsta472type
01:14:24.604 [main] DEBUG - using default POIXMLDocumentPart for http://schemas.openxmlformats.org/officeDocument/2006/relationships/printerSettings
01:14:24.604 [main] DEBUG - using default POIXMLDocumentPart for http://schemas.openxmlformats.org/officeDocument/2006/relationships/printerSettings
01:14:24.604 [main] TRACE - Resolving type for handle workbookec17doctype
01:14:24.607 [main] TRACE - Resolving type for handle ctworkbook83c3type
01:14:24.611 [main] TRACE - Resolving type for handle ctsheets49fdtype
01:14:24.612 [main] TRACE - Resolving type for handle ctsheet4dbetype
01:14:24.613 [main] TRACE - Resolving type for handle strelationshipid1e94type
01:14:24.615 [main] TRACE - Resolving type for handle worksheetf539doctype
01:14:24.618 [main] TRACE - Resolving type for handle ctworksheet530dtype
01:14:24.622 [main] TRACE - Resolving type for handle ctsheetdata8408type
01:14:24.623 [main] TRACE - Resolving type for handle ctrowdd39type
01:14:24.627 [main] TRACE - Resolving type for handle ctcell842btype
01:14:24.630 [main] TRACE - Resolving type for handle stcellrefe4e0type
01:14:24.635 [main] TRACE - Resolving type for handle ctcols627ctype
01:14:24.638 [main] TRACE - Resolving type for handle ctcola95ftype
